Stem4LifeIntroA: 0%
[Tab 1, src/remotion/compositions/stem4life/fonts.ts:32] [Stem4Life fonts] Loaded Manrope 500–700 and Source Sans 3 400–700; all four local WOFF2 subsets ready.
[Tab 0, src/remotion/compositions/stem4life/fonts.ts:32] [Stem4Life fonts] Loaded Manrope 500–700 and Source Sans 3 400–700; all four local WOFF2 subsets ready.
Stem4LifeIntroA: 25%
Stem4LifeIntroA: 50%
Stem4LifeIntroA: 75%
Stem4LifeIntroA: 100%
Stem4LifeIntroB: 0%
[Tab 0, src/remotion/compositions/stem4life/fonts.ts:32] [Stem4Life fonts] Loaded Manrope 500–700 and Source Sans 3 400–700; all four local WOFF2 subsets ready.
[Tab 1, src/remotion/compositions/stem4life/fonts.ts:32] [Stem4Life fonts] Loaded Manrope 500–700 and Source Sans 3 400–700; all four local WOFF2 subsets ready.
Stem4LifeIntroB: 25%
Stem4LifeIntroB: 50%
Stem4LifeIntroB: 75%
Stem4LifeIntroB: 100%
Stem4LifeIntroC: 0%
[Tab 0, src/remotion/compositions/stem4life/fonts.ts:32] [Stem4Life fonts] Loaded Manrope 500–700 and Source Sans 3 400–700; all four local WOFF2 subsets ready.
[Tab 1, src/remotion/compositions/stem4life/fonts.ts:32] [Stem4Life fonts] Loaded Manrope 500–700 and Source Sans 3 400–700; all four local WOFF2 subsets ready.
Stem4LifeIntroC: 25%
Stem4LifeIntroC: 50%
Stem4LifeIntroC: 75%
Stem4LifeIntroC: 100%
Stem4LifeOutro: 0%
[Tab 0, src/remotion/compositions/stem4life/fonts.ts:32] [Stem4Life fonts] Loaded Manrope 500–700 and Source Sans 3 400–700; all four local WOFF2 subsets ready.
[Tab 1, src/remotion/compositions/stem4life/fonts.ts:32] [Stem4Life fonts] Loaded Manrope 500–700 and Source Sans 3 400–700; all four local WOFF2 subsets ready.
Stem4LifeOutro: 25%
Stem4LifeOutro: 50%
Stem4LifeOutro: 75%
Stem4LifeOutro: 100%
[Tab 0, src/remotion/compositions/stem4life/fonts.ts:32] [Stem4Life fonts] Loaded Manrope 500–700 and Source Sans 3 400–700; all four local WOFF2 subsets ready.
[Tab 0, src/remotion/compositions/stem4life/fonts.ts:32] [Stem4Life fonts] Loaded Manrope 500–700 and Source Sans 3 400–700; all four local WOFF2 subsets ready.
[Tab 0, src/remotion/compositions/stem4life/fonts.ts:32] [Stem4Life fonts] Loaded Manrope 500–700 and Source Sans 3 400–700; all four local WOFF2 subsets ready.
[Tab 0, src/remotion/compositions/stem4life/fonts.ts:32] [Stem4Life fonts] Loaded Manrope 500–700 and Source Sans 3 400–700; all four local WOFF2 subsets ready.
[Tab 0, src/remotion/compositions/stem4life/fonts.ts:32] [Stem4Life fonts] Loaded Manrope 500–700 and Source Sans 3 400–700; all four local WOFF2 subsets ready.
Done: /home/user/content-engine/output/stem4life-bookends
