[Tab 0, src/remotion/compositions/stem4life/fonts.ts:32] [Stem4Life fonts] Loaded Manrope 500–700 and Source Sans 3 400–700; all four local WOFF2 subsets ready.
[Tab 0, src/remotion/compositions/stem4life/fonts.ts:32] [Stem4Life fonts] Loaded Manrope 500–700 and Source Sans 3 400–700; all four local WOFF2 subsets ready.
[Tab 0, src/remotion/compositions/stem4life/fonts.ts:32] [Stem4Life fonts] Loaded Manrope 500–700 and Source Sans 3 400–700; all four local WOFF2 subsets ready.
[Tab 0, src/remotion/compositions/stem4life/fonts.ts:32] [Stem4Life fonts] Loaded Manrope 500–700 and Source Sans 3 400–700; all four local WOFF2 subsets ready.
Stem4LifeIntroA: preview frames 20, 60, 100, 149
[Tab 0, src/remotion/compositions/stem4life/fonts.ts:32] [Stem4Life fonts] Loaded Manrope 500–700 and Source Sans 3 400–700; all four local WOFF2 subsets ready.
[Tab 0, src/remotion/compositions/stem4life/fonts.ts:32] [Stem4Life fonts] Loaded Manrope 500–700 and Source Sans 3 400–700; all four local WOFF2 subsets ready.
[Tab 0, src/remotion/compositions/stem4life/fonts.ts:32] [Stem4Life fonts] Loaded Manrope 500–700 and Source Sans 3 400–700; all four local WOFF2 subsets ready.
[Tab 0, src/remotion/compositions/stem4life/fonts.ts:32] [Stem4Life fonts] Loaded Manrope 500–700 and Source Sans 3 400–700; all four local WOFF2 subsets ready.
Stem4LifeIntroB: preview frames 20, 60, 100, 149
[Tab 0, src/remotion/compositions/stem4life/fonts.ts:32] [Stem4Life fonts] Loaded Manrope 500–700 and Source Sans 3 400–700; all four local WOFF2 subsets ready.
[Tab 0, src/remotion/compositions/stem4life/fonts.ts:32] [Stem4Life fonts] Loaded Manrope 500–700 and Source Sans 3 400–700; all four local WOFF2 subsets ready.
[Tab 0, src/remotion/compositions/stem4life/fonts.ts:32] [Stem4Life fonts] Loaded Manrope 500–700 and Source Sans 3 400–700; all four local WOFF2 subsets ready.
[Tab 0, src/remotion/compositions/stem4life/fonts.ts:32] [Stem4Life fonts] Loaded Manrope 500–700 and Source Sans 3 400–700; all four local WOFF2 subsets ready.
Stem4LifeIntroC: preview frames 20, 60, 100, 149
[Tab 0, src/remotion/compositions/stem4life/fonts.ts:32] [Stem4Life fonts] Loaded Manrope 500–700 and Source Sans 3 400–700; all four local WOFF2 subsets ready.
[Tab 0, src/remotion/compositions/stem4life/fonts.ts:32] [Stem4Life fonts] Loaded Manrope 500–700 and Source Sans 3 400–700; all four local WOFF2 subsets ready.
[Tab 0, src/remotion/compositions/stem4life/fonts.ts:32] [Stem4Life fonts] Loaded Manrope 500–700 and Source Sans 3 400–700; all four local WOFF2 subsets ready.
[Tab 0, src/remotion/compositions/stem4life/fonts.ts:32] [Stem4Life fonts] Loaded Manrope 500–700 and Source Sans 3 400–700; all four local WOFF2 subsets ready.
[Tab 0, src/remotion/compositions/stem4life/fonts.ts:32] [Stem4Life fonts] Loaded Manrope 500–700 and Source Sans 3 400–700; all four local WOFF2 subsets ready.
Stem4LifeOutro: preview frames 20, 60, 100, 150, 179
[Tab 0, src/remotion/compositions/stem4life/fonts.ts:32] [Stem4Life fonts] Loaded Manrope 500–700 and Source Sans 3 400–700; all four local WOFF2 subsets ready.
[Tab 0, src/remotion/compositions/stem4life/fonts.ts:32] [Stem4Life fonts] Loaded Manrope 500–700 and Source Sans 3 400–700; all four local WOFF2 subsets ready.
[Tab 0, src/remotion/compositions/stem4life/fonts.ts:32] [Stem4Life fonts] Loaded Manrope 500–700 and Source Sans 3 400–700; all four local WOFF2 subsets ready.
[Tab 0, src/remotion/compositions/stem4life/fonts.ts:32] [Stem4Life fonts] Loaded Manrope 500–700 and Source Sans 3 400–700; all four local WOFF2 subsets ready.
[Tab 0, src/remotion/compositions/stem4life/fonts.ts:32] [Stem4Life fonts] Loaded Manrope 500–700 and Source Sans 3 400–700; all four local WOFF2 subsets ready.
Done: /home/user/content-engine/output/stem4life-bookends
